******************************************************************************
                  MSP430 Linker PC v4.2.1                      
******************************************************************************
>> Linked Wed Feb 14 09:51:21 2024

OUTPUT FILE NAME:   <exit.out>
ENTRY POINT SYMBOL: "_c_int00"  address: 0000c4d0


MEMORY CONFIGURATION

         name            origin    length      used     unused   attr    fill
----------------------  --------  ---------  --------  --------  ----  --------
  SFR                   00000000   00000010  00000000  00000010  RWIX
  PERIPHERALS_8BIT      00000010   000000f0  00000000  000000f0  RWIX
  PERIPHERALS_16BIT     00000100   00000100  00000000  00000100  RWIX
  RAM                   00000200   00000200  00000073  0000018d  RWIX
  INFOD                 00001000   00000040  00000000  00000040  RWIX
  INFOC                 00001040   00000040  00000000  00000040  RWIX
  INFOB                 00001080   00000040  00000000  00000040  RWIX
  INFOA                 000010c0   00000040  00000000  00000040  RWIX
  FLASH                 0000c000   00003fe0  00000634  000039ac  RWIX
  INT00                 0000ffe0   00000002  00000000  00000002  RWIX
  INT01                 0000ffe2   00000002  00000000  00000002  RWIX
  INT02                 0000ffe4   00000002  00000002  00000000  RWIX
  INT03                 0000ffe6   00000002  00000002  00000000  RWIX
  INT04                 0000ffe8   00000002  00000000  00000002  RWIX
  INT05                 0000ffea   00000002  00000002  00000000  RWIX
  INT06                 0000ffec   00000002  00000002  00000000  RWIX
  INT07                 0000ffee   00000002  00000002  00000000  RWIX
  INT08                 0000fff0   00000002  00000002  00000000  RWIX
  INT09                 0000fff2   00000002  00000002  00000000  RWIX
  INT10                 0000fff4   00000002  00000002  00000000  RWIX
  INT11                 0000fff6   00000002  00000002  00000000  RWIX
  INT12                 0000fff8   00000002  00000002  00000000  RWIX
  INT13                 0000fffa   00000002  00000002  00000000  RWIX
  INT14                 0000fffc   00000002  00000002  00000000  RWIX
  RESET                 0000fffe   00000002  00000002  00000000  RWIX


SECTION ALLOCATION MAP

 output                                  attributes/
section   page    origin      length       input sections
--------  ----  ----------  ----------   ----------------
xdc.meta   0    00000000    000000ec     COPY SECTION
                  00000000    000000ec     main_pe430.oe430 (xdc.meta)

.init_array 
*          0    0000c000    00000000     UNINITIALIZED

.bss       0    00000200    00000025     UNINITIALIZED
                  00000200    00000020     (.common:u8__hd44780_data_buffer)
                  00000220    00000002     (.common:primeira_borda)
                  00000222    00000002     (.common:segunda_borda)
                  00000224    00000001     (.common:u8__data_byte$2)

.TI.noinit 
*          0    00000200    00000000     UNINITIALIZED

.data      0    00000226    0000000e     UNINITIALIZED
                  00000226    00000009     main.obj (.data)
                  0000022f    00000001     --HOLE--
                  00000230    00000004     hd44780.lib : hd44780.obj (.data)

.TI.persistent 
*          0    00000226    00000000     UNINITIALIZED

.stack     0    000003c0    00000040     UNINITIALIZED
                  000003c0    00000002     ti.targets.msp430.rts430.ae430 : boot.oe430 (.stack)
                  000003c2    0000003e     --HOLE--

.text      0    0000c000    00000608     
                  0000c000    0000015e     main.obj (.text:main)
                  0000c15e    000000f8     hd44780.lib : hd44780.obj (.text:hd44780_timer_isr)
                  0000c256    000000f4                 : hd44780.obj (.text:hd44780_output_unsigned_16bit_value)
                  0000c34a    0000006a     ti.targets.msp430.rts430.ae430 : autoinit.oe430 (.text:_auto_init)
                  0000c3b4    0000005e     rts430_eabi.lib : copy_decompress_rle.obj (.text:__TI_decompress_rle_core)
                  0000c412    00000058     hd44780.lib : hd44780.obj (.text:hd44780_write_string)
                  0000c46a    0000003a     grace.lib : GPIO_init.obj (.text:GPIO_graceInit)
                  0000c4a4    0000002c     rts430_eabi.lib : lsl16.obj (.text)
                  0000c4d0    00000026     ti.targets.msp430.rts430.ae430 : boot.oe430 (.text:_c_int00_noexit)
                  0000c4f6    00000024     grace.lib : Grace_init.obj (.text:Grace_init)
                  0000c51a    00000022     main.obj (.text:timer_1_a1_isr)
                  0000c53c    0000001c     grace.lib : BCSplus_init.obj (.text:BCSplus_graceInit)
                  0000c558    0000001a     hd44780.lib : hd44780.obj (.text:hd44780_clear_screen)
                  0000c572    00000016     rts430_eabi.lib : div16u.obj (.text)
                  0000c588    00000014     grace.lib : Timer0_A3_init.obj (.text:Timer0_A3_graceInit)
                  0000c59c    00000014     rts430_eabi.lib : copy_zero_init.obj (.text:decompress:ZI:__TI_zero_init)
                  0000c5b0    00000012                     : copy_decompress_none.obj (.text:decompress:none:__TI_decompress_none)
                  0000c5c2    00000012                     : memcpy.obj (.text:memcpy)
                  0000c5d4    00000010                     : epilog.obj (.text)
                  0000c5e4    00000008     grace.lib : WDTplus_init.obj (.text:WDTplus_graceInit)
                  0000c5ec    00000006     rts430_eabi.lib : isr_trap.obj (.text:__TI_ISR_TRAP)
                  0000c5f2    00000006                     : copy_decompress_rle.obj (.text:decompress:rle24:__TI_decompress_rle24)
                  0000c5f8    00000004     grace.lib : System_init.obj (.text:System_graceInit)
                  0000c5fc    00000004     ti.targets.msp430.rts430.ae430 : pre_init.oe430 (.text:_system_pre_init)
                  0000c600    00000004     rts430_eabi.lib : exit.obj (.text:abort)
                  0000c604    00000002     grace.lib : InterruptVectors_init.obj (.text:InterruptVectors_graceInit)
                  0000c606    00000002               : Timer1_A3_init.obj (.text:Timer1_A3_graceInit)

.const     0    0000c608    00000010     
                  0000c608    0000000a     main.obj (.const:.string)
                  0000c612    00000006     hd44780.lib : hd44780.obj (.const:.string:$P$T0$4)

.cinit     0    0000c618    0000001c     
                  0000c618    00000009     (.cinit..data.load) [load image, compression = rle]
                  0000c621    00000001     --HOLE-- [fill = 0]
                  0000c622    00000006     (__TI_handler_table)
                  0000c628    00000004     (.cinit..bss.load) [load image, compression = zero_init]
                  0000c62c    00000008     (__TI_cinit_table)

PORT1      0    0000ffe4    00000002     
                  0000ffe4    00000002     rts430_eabi.lib : int02.obj (.int02)

PORT2      0    0000ffe6    00000002     
                  0000ffe6    00000002     rts430_eabi.lib : int03.obj (.int03)

ADC10      0    0000ffea    00000002     
                  0000ffea    00000002     rts430_eabi.lib : int05.obj (.int05)

USCIAB0TX 
*          0    0000ffec    00000002     
                  0000ffec    00000002     rts430_eabi.lib : int06.obj (.int06)

USCIAB0RX 
*          0    0000ffee    00000002     
                  0000ffee    00000002     rts430_eabi.lib : int07.obj (.int07)

TIMER0_A1 
*          0    0000fff0    00000002     
                  0000fff0    00000002     rts430_eabi.lib : int08.obj (.int08)

TIMER0_A0 
*          0    0000fff2    00000002     
                  0000fff2    00000002     rts430_eabi.lib : int09.obj (.int09)

WDT        0    0000fff4    00000002     
                  0000fff4    00000002     rts430_eabi.lib : int10.obj (.int10)

COMPARATORA 
*          0    0000fff6    00000002     
                  0000fff6    00000002     rts430_eabi.lib : int11.obj (.int11)

TIMER1_A1 
*          0    0000fff8    00000002     
                  0000fff8    00000002     main.obj (.int12)

TIMER1_A0 
*          0    0000fffa    00000002     
                  0000fffa    00000002     rts430_eabi.lib : int13.obj (.int13)

NMI        0    0000fffc    00000002     
                  0000fffc    00000002     rts430_eabi.lib : int14.obj (.int14)

.reset     0    0000fffe    00000002     
                  0000fffe    00000002     ti.targets.msp430.rts430.ae430 : boot.oe430 (.reset)


LINKER GENERATED COPY TABLES

__TI_cinit_table @ 0000c62c records: 2, size/record: 4, table size: 8
	.data: load addr=0000c618, load size=00000009 bytes, run addr=00000226, run size=0000000e bytes, compression=rle
	.bss: load addr=0000c628, load size=00000004 bytes, run addr=00000200, run size=00000025 bytes, compression=zero_init


LINKER GENERATED HANDLER TABLE

__TI_handler_table @ 0000c622 records: 3, size/record: 2, table size: 6
	index: 0, handler: __TI_zero_init
	index: 1, handler: __TI_decompress_rle24
	index: 2, handler: __TI_decompress_none


GLOBAL SYMBOLS: SORTED ALPHABETICALLY BY Name 

address    name
--------   ----
0000004a   ADC10AE0
000001b0   ADC10CTL0
000001b2   ADC10CTL1
00000048   ADC10DTC0
00000049   ADC10DTC1
000001b4   ADC10MEM
000001bc   ADC10SA
00000057   BCSCTL1
00000058   BCSCTL2
00000053   BCSCTL3
0000c53c   BCSplus_graceInit
0000c600   C$$EXIT
00000059   CACTL1
0000005a   CACTL2
000010fb   CALBC1_12MHZ
000010f9   CALBC1_16MHZ
000010ff   CALBC1_1MHZ
000010fd   CALBC1_8MHZ
000010fa   CALDCO_12MHZ
000010f8   CALDCO_16MHZ
000010fe   CALDCO_1MHZ
000010fc   CALDCO_8MHZ
0000005b   CAPD
00000056   DCOCTL
00000128   FCTL1
0000012a   FCTL2
0000012c   FCTL3
0000c46a   GPIO_graceInit
0000c4f6   Grace_init
00000000   IE1
00000001   IE2
00000002   IFG1
00000003   IFG2
0000c604   InterruptVectors_graceInit
00000022   P1DIR
00000025   P1IE
00000024   P1IES
00000023   P1IFG
00000020   P1IN
00000021   P1OUT
00000027   P1REN
00000026   P1SEL
00000041   P1SEL2
0000002a   P2DIR
0000002d   P2IE
0000002c   P2IES
0000002b   P2IFG
00000028   P2IN
00000029   P2OUT
0000002f   P2REN
0000002e   P2SEL
00000042   P2SEL2
0000001a   P3DIR
00000018   P3IN
00000019   P3OUT
00000010   P3REN
0000001b   P3SEL
00000043   P3SEL2
0000c5f8   System_graceInit
00000172   TA0CCR0
00000174   TA0CCR1
00000176   TA0CCR2
00000162   TA0CCTL0
00000164   TA0CCTL1
00000166   TA0CCTL2
00000160   TA0CTL
0000012e   TA0IV
00000170   TA0R
00000192   TA1CCR0
00000194   TA1CCR1
00000196   TA1CCR2
00000182   TA1CCTL0
00000184   TA1CCTL1
00000186   TA1CCTL2
00000180   TA1CTL
0000011e   TA1IV
00000190   TA1R
0000c588   Timer0_A3_graceInit
0000c606   Timer1_A3_graceInit
0000005d   UCA0ABCTL
00000062   UCA0BR0
00000063   UCA0BR1
00000060   UCA0CTL0
00000061   UCA0CTL1
0000005f   UCA0IRRCTL
0000005e   UCA0IRTCTL
00000064   UCA0MCTL
00000066   UCA0RXBUF
00000065   UCA0STAT
00000067   UCA0TXBUF
0000006a   UCB0BR0
0000006b   UCB0BR1
00000068   UCB0CTL0
00000069   UCB0CTL1
0000006c   UCB0I2CIE
00000118   UCB0I2COA
0000011a   UCB0I2CSA
0000006e   UCB0RXBUF
0000006d   UCB0STAT
0000006f   UCB0TXBUF
00000120   WDTCTL
0000c5e4   WDTplus_graceInit
00000000   __ASM__
00000062   __ISA__
00000074   __PLAT__
00000400   __STACK_END
00000040   __STACK_SIZE
00000098   __TARG__
0000c62c   __TI_CINIT_Base
0000c634   __TI_CINIT_Limit
0000c622   __TI_Handler_Table_Base
0000c628   __TI_Handler_Table_Limit
UNDEFED    __TI_INITARRAY_Base
UNDEFED    __TI_INITARRAY_Limit
0000c5ec   __TI_ISR_TRAP
00000001   __TI_args_main
0000c5b0   __TI_decompress_none
0000c5f2   __TI_decompress_rle24
00000001   __TI_exit
0000ffe4   __TI_int02
0000ffe6   __TI_int03
0000ffea   __TI_int05
0000ffec   __TI_int06
0000ffee   __TI_int07
0000fff0   __TI_int08
0000fff2   __TI_int09
0000fff4   __TI_int10
0000fff6   __TI_int11
0000fff8   __TI_int12
0000fffa   __TI_int13
0000fffc   __TI_int14
0000c59c   __TI_zero_init
000000c4   __TRDR__
ffffffff   __binit__
ffffffff   __c_args__
0000c572   __mspabi_divu
0000c5e0   __mspabi_func_epilog_1
0000c5de   __mspabi_func_epilog_2
0000c5dc   __mspabi_func_epilog_3
0000c5da   __mspabi_func_epilog_4
0000c5d8   __mspabi_func_epilog_5
0000c5d6   __mspabi_func_epilog_6
0000c5d4   __mspabi_func_epilog_7
0000c572   __mspabi_remu
0000c4a4   __mspabi_slli
0000c4cc   __mspabi_slli_1
0000c4ba   __mspabi_slli_10
0000c4b8   __mspabi_slli_11
0000c4b6   __mspabi_slli_12
0000c4b4   __mspabi_slli_13
0000c4b2   __mspabi_slli_14
0000c4b0   __mspabi_slli_15
0000c4ca   __mspabi_slli_2
0000c4c8   __mspabi_slli_3
0000c4c6   __mspabi_slli_4
0000c4c4   __mspabi_slli_5
0000c4c2   __mspabi_slli_6
0000c4c0   __mspabi_slli_7
0000c4be   __mspabi_slli_8
0000c4bc   __mspabi_slli_9
0000c34a   _auto_init
0000c4d0   _c_int00
0000c4d0   _c_int00_noexit
0000fffe   _reset_vector
000003c0   _stack
0000c5fc   _system_pre_init
0000c600   abort
ffffffff   binit
00000228   captura
0000022e   display
0000022c   e
0000c558   hd44780_clear_screen
0000c256   hd44780_output_unsigned_16bit_value
0000c15e   hd44780_timer_isr
0000c412   hd44780_write_string
0000c000   main
0000c5c2   memcpy
00000226   periodo
00000220   primeira_borda
00000222   segunda_borda
0000022a   tempo
0000c51a   timer_1_a1_isr
00000000   xdc_runtime_Startup__EXECFXN__C
00000000   xdc_runtime_Startup__RESETFXN__C
00000000   xdc_runtime_Startup_exec__E
00000000   xdc_runtime_Startup_reset__I


GLOBAL SYMBOLS: SORTED BY Symbol Address 

address    name
--------   ----
00000000   IE1
00000000   __ASM__
00000000   xdc_runtime_Startup__EXECFXN__C
00000000   xdc_runtime_Startup__RESETFXN__C
00000000   xdc_runtime_Startup_exec__E
00000000   xdc_runtime_Startup_reset__I
00000001   IE2
00000001   __TI_args_main
00000001   __TI_exit
00000002   IFG1
00000003   IFG2
00000010   P3REN
00000018   P3IN
00000019   P3OUT
0000001a   P3DIR
0000001b   P3SEL
00000020   P1IN
00000021   P1OUT
00000022   P1DIR
00000023   P1IFG
00000024   P1IES
00000025   P1IE
00000026   P1SEL
00000027   P1REN
00000028   P2IN
00000029   P2OUT
0000002a   P2DIR
0000002b   P2IFG
0000002c   P2IES
0000002d   P2IE
0000002e   P2SEL
0000002f   P2REN
00000040   __STACK_SIZE
00000041   P1SEL2
00000042   P2SEL2
00000043   P3SEL2
00000048   ADC10DTC0
00000049   ADC10DTC1
0000004a   ADC10AE0
00000053   BCSCTL3
00000056   DCOCTL
00000057   BCSCTL1
00000058   BCSCTL2
00000059   CACTL1
0000005a   CACTL2
0000005b   CAPD
0000005d   UCA0ABCTL
0000005e   UCA0IRTCTL
0000005f   UCA0IRRCTL
00000060   UCA0CTL0
00000061   UCA0CTL1
00000062   UCA0BR0
00000062   __ISA__
00000063   UCA0BR1
00000064   UCA0MCTL
00000065   UCA0STAT
00000066   UCA0RXBUF
00000067   UCA0TXBUF
00000068   UCB0CTL0
00000069   UCB0CTL1
0000006a   UCB0BR0
0000006b   UCB0BR1
0000006c   UCB0I2CIE
0000006d   UCB0STAT
0000006e   UCB0RXBUF
0000006f   UCB0TXBUF
00000074   __PLAT__
00000098   __TARG__
000000c4   __TRDR__
00000118   UCB0I2COA
0000011a   UCB0I2CSA
0000011e   TA1IV
00000120   WDTCTL
00000128   FCTL1
0000012a   FCTL2
0000012c   FCTL3
0000012e   TA0IV
00000160   TA0CTL
00000162   TA0CCTL0
00000164   TA0CCTL1
00000166   TA0CCTL2
00000170   TA0R
00000172   TA0CCR0
00000174   TA0CCR1
00000176   TA0CCR2
00000180   TA1CTL
00000182   TA1CCTL0
00000184   TA1CCTL1
00000186   TA1CCTL2
00000190   TA1R
00000192   TA1CCR0
00000194   TA1CCR1
00000196   TA1CCR2
000001b0   ADC10CTL0
000001b2   ADC10CTL1
000001b4   ADC10MEM
000001bc   ADC10SA
00000220   primeira_borda
00000222   segunda_borda
00000226   periodo
00000228   captura
0000022a   tempo
0000022c   e
0000022e   display
000003c0   _stack
00000400   __STACK_END
000010f8   CALDCO_16MHZ
000010f9   CALBC1_16MHZ
000010fa   CALDCO_12MHZ
000010fb   CALBC1_12MHZ
000010fc   CALDCO_8MHZ
000010fd   CALBC1_8MHZ
000010fe   CALDCO_1MHZ
000010ff   CALBC1_1MHZ
0000c000   main
0000c15e   hd44780_timer_isr
0000c256   hd44780_output_unsigned_16bit_value
0000c34a   _auto_init
0000c412   hd44780_write_string
0000c46a   GPIO_graceInit
0000c4a4   __mspabi_slli
0000c4b0   __mspabi_slli_15
0000c4b2   __mspabi_slli_14
0000c4b4   __mspabi_slli_13
0000c4b6   __mspabi_slli_12
0000c4b8   __mspabi_slli_11
0000c4ba   __mspabi_slli_10
0000c4bc   __mspabi_slli_9
0000c4be   __mspabi_slli_8
0000c4c0   __mspabi_slli_7
0000c4c2   __mspabi_slli_6
0000c4c4   __mspabi_slli_5
0000c4c6   __mspabi_slli_4
0000c4c8   __mspabi_slli_3
0000c4ca   __mspabi_slli_2
0000c4cc   __mspabi_slli_1
0000c4d0   _c_int00
0000c4d0   _c_int00_noexit
0000c4f6   Grace_init
0000c51a   timer_1_a1_isr
0000c53c   BCSplus_graceInit
0000c558   hd44780_clear_screen
0000c572   __mspabi_divu
0000c572   __mspabi_remu
0000c588   Timer0_A3_graceInit
0000c59c   __TI_zero_init
0000c5b0   __TI_decompress_none
0000c5c2   memcpy
0000c5d4   __mspabi_func_epilog_7
0000c5d6   __mspabi_func_epilog_6
0000c5d8   __mspabi_func_epilog_5
0000c5da   __mspabi_func_epilog_4
0000c5dc   __mspabi_func_epilog_3
0000c5de   __mspabi_func_epilog_2
0000c5e0   __mspabi_func_epilog_1
0000c5e4   WDTplus_graceInit
0000c5ec   __TI_ISR_TRAP
0000c5f2   __TI_decompress_rle24
0000c5f8   System_graceInit
0000c5fc   _system_pre_init
0000c600   C$$EXIT
0000c600   abort
0000c604   InterruptVectors_graceInit
0000c606   Timer1_A3_graceInit
0000c622   __TI_Handler_Table_Base
0000c628   __TI_Handler_Table_Limit
0000c62c   __TI_CINIT_Base
0000c634   __TI_CINIT_Limit
0000ffe4   __TI_int02
0000ffe6   __TI_int03
0000ffea   __TI_int05
0000ffec   __TI_int06
0000ffee   __TI_int07
0000fff0   __TI_int08
0000fff2   __TI_int09
0000fff4   __TI_int10
0000fff6   __TI_int11
0000fff8   __TI_int12
0000fffa   __TI_int13
0000fffc   __TI_int14
0000fffe   _reset_vector
ffffffff   __binit__
ffffffff   __c_args__
ffffffff   binit
UNDEFED    __TI_INITARRAY_Base
UNDEFED    __TI_INITARRAY_Limit

[186 symbols]
